{
    "-profile test": {
        "content": [
            {
                "BEDTOOLS_BAMTOBED": {
                    "bedtools": "2.31.1"
                },
                "BEDTOOLS_GENOMECOV": {
                    "bedtools": "2.31.1"
                },
                "COMBINE_PREDICTIONS": {
                    "python": "3.11.9"
                },
                "CPAT": {
                    "cpat": "3.0.5"
                },
                "CPAT_BUILD_MODEL": {
                    "cpat": "3.0.5"
                },
                "DRIMSEQ": {
                    "r-base": "4.4.2",
                    "bioconductor-drimseq": "1.34.0"
                },
                "EXTRACT_CDS_SEQUENCES": {
                    "gffread": "0.12.7"
                },
                "EXTRACT_MRNA_SEQUENCES": {
                    "gffread": "0.12.7"
                },
                "FASTQC": {
                    "fastqc": "0.12.1"
                },
                "FEELNC_CODPOT_PARSE": {
                    "python": "3.11.9",
                    "feelnc": "0.2.1"
                },
                "FEELNC_CODPOT_RUN": {
                    "feelnc": "0.2.1"
                },
                "FILTER_GFFCOMPARE_CLASSES": {
                    "python": "3.11.9"
                },
                "GFFCOMPARE_NOVEL_TRANSCRIPTS": {
                    "gffcompare": "0.12.6"
                },
                "GFFREAD_NOVEL_TRANSCRIPTS": {
                    "gffread": "0.12.7"
                },
                "ISOFORM_SWITCH": {
                    "r-base": "4.4.2",
                    "bioconductor-isoformswitchanalyzer": "2.6.0"
                },
                "MINIMAP2_ALIGN": {
                    "minimap2": "2.29-r1283",
                    "samtools": 1.21
                },
                "MINIMAP2_INDEX": {
                    "minimap2": "2.29-r1283"
                },
                "MINIMAP2_TRANSCRIPTOME": {
                    "minimap2": "2.29-r1283",
                    "samtools": 1.21
                },
                "MULTIQC": {
                    "multiqc": 1.34
                },
                "NANOPLOT": {
                    "nanoplot": "1.46.1"
                },
                "OARFISH": {
                    "oarfish": "0.10.0"
                },
                "PLEK_PARSE": {
                    "python": "3.9.21"
                },
                "PLEK_RUN": {
                    "plek": "1.2"
                },
                "SAMTOOLS_FAIDX": {
                    "samtools": "1.23.1"
                },
                "SQANTI3": {
                    "sqanti3": "6.0.1"
                },
                "STRINGTIE2": {
                    "stringtie2": "2.1.4"
                },
                "STRINGTIE_MERGE": {
                    "stringtie": "2.2.1"
                },
                "SUBREAD_FEATURECOUNTS_GENES": {
                    "subread": "2.0.6"
                },
                "SUBREAD_FEATURECOUNTS_TRANSCRIPTS": {
                    "subread": "2.0.6"
                },
                "TOULLIGQC": {
                    "toulligqc": "2.7.1"
                },
                "TX2GENE_GTF": {
                    "python": "3.9.5"
                },
                "TXIMPORT": {
                    "bioconductor-tximeta": "1.24.0"
                },
                "UCSC_BEDGRAPHTOBIGWIG": {
                    "ucsc": 482
                },
                "UCSC_BEDTOBIGBED": {
                    "ucsc": 482
                },
                "Workflow": {
                    "nfdata-omics/nanotranseq": "v1.0.0dev"
                }
            },
            [
                "alignment",
                "alignment/K562",
                "alignment/K562/MINIMAP2_ALIGN",
                "alignment/K562/MINIMAP2_ALIGN/K562.bam",
                "alignment/K562/MINIMAP2_ALIGN/K562.bam.bai",
                "alignment/MCF7",
                "alignment/MCF7/MINIMAP2_ALIGN",
                "alignment/MCF7/MINIMAP2_ALIGN/MCF7.bam",
                "alignment/MCF7/MINIMAP2_ALIGN/MCF7.bam.bai",
                "alignment/MINIMAP2_INDEX",
                "alignment/MINIMAP2_INDEX/chr22_1-17550000.mmi",
                "alignment/Q562",
                "alignment/Q562/MINIMAP2_ALIGN",
                "alignment/Q562/MINIMAP2_ALIGN/Q562.bam",
                "alignment/Q562/MINIMAP2_ALIGN/Q562.bam.bai",
                "alignment/bedtools_bamtobed",
                "alignment/bedtools_bamtobed/K562.bed",
                "alignment/bedtools_bamtobed/MCF7.bed",
                "alignment/bedtools_bamtobed/Q562.bed",
                "alignment/bedtools_genomecov",
                "alignment/bedtools_genomecov/K562.bedGraph",
                "alignment/bedtools_genomecov/MCF7.bedGraph",
                "alignment/bedtools_genomecov/Q562.bedGraph",
                "alignment/samtools_faidx",
                "alignment/samtools_faidx/chr22_1-17550000.fa.fai",
                "alignment/samtools_faidx/chr22_1-17550000.fa.sizes",
                "alignment/ucsc_bedgraphtobigwig",
                "alignment/ucsc_bedgraphtobigwig/K562.bigWig",
                "alignment/ucsc_bedgraphtobigwig/MCF7.bigWig",
                "alignment/ucsc_bedgraphtobigwig/Q562.bigWig",
                "alignment/ucsc_bedtobigbed",
                "alignment/ucsc_bedtobigbed/K562.bigBed",
                "alignment/ucsc_bedtobigbed/MCF7.bigBed",
                "alignment/ucsc_bedtobigbed/Q562.bigBed",
                "extract",
                "extract/cds_sequence_summary.tsv",
                "extract/cds_sequences.fa",
                "extract/mrna_sequence_summary.tsv",
                "extract/mrna_sequences.fa",
                "identify_novel_protein_coding",
                "identify_novel_protein_coding/combined_predictions",
                "identify_novel_protein_coding/combined_predictions/novel_transcripts.coding_potential_report.txt",
                "identify_novel_protein_coding/combined_predictions/novel_transcripts.final_protein_coding.fa",
                "identify_novel_protein_coding/combined_predictions/novel_transcripts.final_protein_coding.gtf",
                "identify_novel_protein_coding/combined_predictions/novel_transcripts.prediction_summary.tsv",
                "identify_novel_protein_coding/combined_predictions/novel_transcripts.prediction_summary_protein_coding.tsv",
                "identify_novel_protein_coding/combined_predictions/versions.yml",
                "identify_novel_protein_coding/cpat",
                "identify_novel_protein_coding/cpat/CPAT_Model.Hexamer.tsv",
                "identify_novel_protein_coding/cpat/CPAT_Model.logitModel.RData",
                "identify_novel_protein_coding/cpat/novel_transcripts.cpat.tsv",
                "identify_novel_protein_coding/cpat/versions.yml",
                "identify_novel_protein_coding/feelnc",
                "identify_novel_protein_coding/feelnc/novel_transcripts.feelnc.tsv",
                "identify_novel_protein_coding/feelnc/novel_transcripts.feelnc_codpot.lncRNA.fa",
                "identify_novel_protein_coding/feelnc/novel_transcripts.feelnc_codpot.mRNA.fa",
                "identify_novel_protein_coding/feelnc/novel_transcripts.feelnc_codpot_RF.txt",
                "identify_novel_protein_coding/feelnc/novel_transcripts.lncRNA.fa",
                "identify_novel_protein_coding/feelnc/novel_transcripts.mRNA.fa",
                "identify_novel_protein_coding/feelnc/versions.yml",
                "identify_novel_protein_coding/plek",
                "identify_novel_protein_coding/plek/novel_transcripts.fasta",
                "identify_novel_protein_coding/plek/novel_transcripts.plek.tsv",
                "identify_novel_protein_coding/plek/novel_transcripts.plek.txt",
                "identify_novel_protein_coding/plek/versions.yml",
                "novel_transcripts",
                "novel_transcripts/gffcompare",
                "novel_transcripts/gffcompare/filter_classes",
                "novel_transcripts/gffcompare/filter_classes/novel_transcripts.class_summary.tsv",
                "novel_transcripts/gffcompare/filter_classes/novel_transcripts.novel.gtf",
                "novel_transcripts/gffcompare/filter_classes/novel_transcripts.novel.tmap",
                "novel_transcripts/gffcompare/filter_classes/versions.yml",
                "novel_transcripts/gffcompare/novel_transcripts.annotated.gtf",
                "novel_transcripts/gffcompare/novel_transcripts.loci",
                "novel_transcripts/gffcompare/novel_transcripts.stats",
                "novel_transcripts/gffcompare/novel_transcripts.stringtie.merged.gtf.refmap",
                "novel_transcripts/gffcompare/novel_transcripts.stringtie.merged.gtf.tmap",
                "novel_transcripts/gffcompare/novel_transcripts.tracking",
                "novel_transcripts/gffcompare/versions.yml",
                "novel_transcripts/gffread",
                "novel_transcripts/gffread/novel_transcripts.fasta",
                "novel_transcripts/gffread/versions.yml",
                "novel_transcripts/sqanti3",
                "novel_transcripts/sqanti3/novel_transcripts_classification.txt",
                "novel_transcripts/sqanti3/novel_transcripts_corrected.gtf",
                "novel_transcripts/sqanti3/versions.yml",
                "pipeline_info",
                "pipeline_info/nanotranseq_software_mqc_versions.yml",
                "pseudoalignment",
                "pseudoalignment/minimap2_transcriptome",
                "pseudoalignment/minimap2_transcriptome/K562",
                "pseudoalignment/minimap2_transcriptome/K562/K562.bam",
                "pseudoalignment/minimap2_transcriptome/MCF7",
                "pseudoalignment/minimap2_transcriptome/MCF7/MCF7.bam",
                "pseudoalignment/minimap2_transcriptome/Q562",
                "pseudoalignment/minimap2_transcriptome/Q562/Q562.bam",
                "pseudoalignment/oarfish",
                "pseudoalignment/oarfish/K562",
                "pseudoalignment/oarfish/K562/K562.meta_info.json",
                "pseudoalignment/oarfish/K562/K562.quant",
                "pseudoalignment/oarfish/MCF7",
                "pseudoalignment/oarfish/MCF7/MCF7.meta_info.json",
                "pseudoalignment/oarfish/MCF7/MCF7.quant",
                "pseudoalignment/oarfish/Q562",
                "pseudoalignment/oarfish/Q562/Q562.meta_info.json",
                "pseudoalignment/oarfish/Q562/Q562.quant",
                "qc",
                "qc/raw_reads",
                "qc/raw_reads/K562",
                "qc/raw_reads/K562/FASTQC",
                "qc/raw_reads/K562/FASTQC/K562_fastqc.html",
                "qc/raw_reads/K562/FASTQC/K562_fastqc.zip",
                "qc/raw_reads/K562/NANOPLOT",
                "qc/raw_reads/K562/NANOPLOT/LengthvsQualityScatterPlot_dot.html",
                "qc/raw_reads/K562/NANOPLOT/LengthvsQualityScatterPlot_kde.html",
                "qc/raw_reads/K562/NANOPLOT/NanoPlot-report.html",
                "qc/raw_reads/K562/NANOPLOT/NanoStats.txt",
                "qc/raw_reads/K562/NANOPLOT/Non_weightedHistogramReadlength.html",
                "qc/raw_reads/K562/NANOPLOT/Non_weightedLogTransformed_HistogramReadlength.html",
                "qc/raw_reads/K562/NANOPLOT/WeightedHistogramReadlength.html",
                "qc/raw_reads/K562/NANOPLOT/WeightedLogTransformed_HistogramReadlength.html",
                "qc/raw_reads/K562/NANOPLOT/Yield_By_Length.html",
                "qc/raw_reads/K562/TOULLIGQC",
                "qc/raw_reads/MCF7",
                "qc/raw_reads/MCF7/FASTQC",
                "qc/raw_reads/MCF7/FASTQC/MCF7_fastqc.html",
                "qc/raw_reads/MCF7/FASTQC/MCF7_fastqc.zip",
                "qc/raw_reads/MCF7/NANOPLOT",
                "qc/raw_reads/MCF7/NANOPLOT/LengthvsQualityScatterPlot_dot.html",
                "qc/raw_reads/MCF7/NANOPLOT/LengthvsQualityScatterPlot_kde.html",
                "qc/raw_reads/MCF7/NANOPLOT/NanoPlot-report.html",
                "qc/raw_reads/MCF7/NANOPLOT/NanoStats.txt",
                "qc/raw_reads/MCF7/NANOPLOT/Non_weightedHistogramReadlength.html",
                "qc/raw_reads/MCF7/NANOPLOT/Non_weightedLogTransformed_HistogramReadlength.html",
                "qc/raw_reads/MCF7/NANOPLOT/WeightedHistogramReadlength.html",
                "qc/raw_reads/MCF7/NANOPLOT/WeightedLogTransformed_HistogramReadlength.html",
                "qc/raw_reads/MCF7/NANOPLOT/Yield_By_Length.html",
                "qc/raw_reads/MCF7/TOULLIGQC",
                "qc/raw_reads/MULTIQC",
                "qc/raw_reads/MULTIQC/multiqc_data",
                "qc/raw_reads/MULTIQC/multiqc_data/fastqc-status-check-heatmap.txt",
                "qc/raw_reads/MULTIQC/multiqc_data/fastqc_adapter_content_plot.txt",
                "qc/raw_reads/MULTIQC/multiqc_data/fastqc_overrepresented_sequences_plot.txt",
                "qc/raw_reads/MULTIQC/multiqc_data/fastqc_per_base_n_content_plot.txt",
                "qc/raw_reads/MULTIQC/multiqc_data/fastqc_per_base_sequence_quality_plot.txt",
                "qc/raw_reads/MULTIQC/multiqc_data/fastqc_per_sequence_gc_content_plot_Counts.txt",
                "qc/raw_reads/MULTIQC/multiqc_data/fastqc_per_sequence_gc_content_plot_Percentages.txt",
                "qc/raw_reads/MULTIQC/multiqc_data/fastqc_per_sequence_quality_scores_plot.txt",
                "qc/raw_reads/MULTIQC/multiqc_data/fastqc_sequence_counts_plot.txt",
                "qc/raw_reads/MULTIQC/multiqc_data/fastqc_sequence_duplication_levels_plot.txt",
                "qc/raw_reads/MULTIQC/multiqc_data/fastqc_sequence_length_distribution_plot.txt",
                "qc/raw_reads/MULTIQC/multiqc_data/fastqc_top_overrepresented_sequences_table.txt",
                "qc/raw_reads/MULTIQC/multiqc_data/llms-full.txt",
                "qc/raw_reads/MULTIQC/multiqc_data/multiqc.log",
                "qc/raw_reads/MULTIQC/multiqc_data/multiqc.parquet",
                "qc/raw_reads/MULTIQC/multiqc_data/multiqc_citations.txt",
                "qc/raw_reads/MULTIQC/multiqc_data/multiqc_data.json",
                "qc/raw_reads/MULTIQC/multiqc_data/multiqc_fastqc.txt",
                "qc/raw_reads/MULTIQC/multiqc_data/multiqc_general_stats.txt",
                "qc/raw_reads/MULTIQC/multiqc_data/multiqc_software_versions.txt",
                "qc/raw_reads/MULTIQC/multiqc_data/multiqc_sources.txt",
                "qc/raw_reads/MULTIQC/multiqc_report.html",
                "qc/raw_reads/Q562",
                "qc/raw_reads/Q562/FASTQC",
                "qc/raw_reads/Q562/FASTQC/Q562_fastqc.html",
                "qc/raw_reads/Q562/FASTQC/Q562_fastqc.zip",
                "qc/raw_reads/Q562/NANOPLOT",
                "qc/raw_reads/Q562/NANOPLOT/LengthvsQualityScatterPlot_dot.html",
                "qc/raw_reads/Q562/NANOPLOT/LengthvsQualityScatterPlot_kde.html",
                "qc/raw_reads/Q562/NANOPLOT/NanoPlot-report.html",
                "qc/raw_reads/Q562/NANOPLOT/NanoStats.txt",
                "qc/raw_reads/Q562/NANOPLOT/Non_weightedHistogramReadlength.html",
                "qc/raw_reads/Q562/NANOPLOT/Non_weightedLogTransformed_HistogramReadlength.html",
                "qc/raw_reads/Q562/NANOPLOT/WeightedHistogramReadlength.html",
                "qc/raw_reads/Q562/NANOPLOT/WeightedLogTransformed_HistogramReadlength.html",
                "qc/raw_reads/Q562/NANOPLOT/Yield_By_Length.html",
                "qc/raw_reads/Q562/TOULLIGQC",
                "quantification",
                "quantification/featureCounts",
                "quantification/featureCounts/gene.featureCounts.tsv",
                "quantification/featureCounts/gene.featureCounts.tsv.summary",
                "quantification/featureCounts/transcript.featureCounts.tsv",
                "quantification/featureCounts/transcript.featureCounts.tsv.summary",
                "quantification/samples",
                "quantification/samples/K562",
                "quantification/samples/K562/STRINGTIE2",
                "quantification/samples/K562/STRINGTIE2/K562.stringtie.gtf",
                "quantification/samples/MCF7",
                "quantification/samples/MCF7/STRINGTIE2",
                "quantification/samples/MCF7/STRINGTIE2/MCF7.stringtie.gtf",
                "quantification/samples/Q562",
                "quantification/samples/Q562/STRINGTIE2",
                "quantification/samples/Q562/STRINGTIE2/Q562.stringtie.gtf",
                "quantification/stringtie_merge",
                "quantification/stringtie_merge/stringtie.merged.gtf",
                "transcript_usage",
                "transcript_usage/drimseq",
                "transcript_usage/drimseq/drimseq_gene_results.csv",
                "transcript_usage/drimseq/drimseq_object.rds",
                "transcript_usage/drimseq/drimseq_plots.pdf",
                "transcript_usage/drimseq/drimseq_transcript_results.csv",
                "transcript_usage/isoform_switch",
                "transcript_usage/isoform_switch/isoform_switch_plots.pdf",
                "transcript_usage/isoform_switch/isoform_switch_results.csv",
                "transcript_usage/isoform_switch/isoform_switch_results.rds",
                "tx2gene",
                "tx2gene/reference.tx2gene.tsv",
                "tximport",
                "tximport/all_samples.gene_counts.tsv",
                "tximport/all_samples.gene_counts_length_scaled.tsv",
                "tximport/all_samples.gene_counts_scaled.tsv",
                "tximport/all_samples.gene_lengths.tsv",
                "tximport/all_samples.gene_tpm.tsv",
                "tximport/all_samples.transcript_counts.tsv",
                "tximport/all_samples.transcript_lengths.tsv",
                "tximport/all_samples.transcript_tpm.tsv"
            ],
            [
                "chr22_1-17550000.mmi:md5,8d3ef72648b862a316f51ce13994543e",
                "K562.bed:md5,9aada619d469619b200c08ba01fe4336",
                "MCF7.bed:md5,7b6e5de870a8f1f6094cc33ca08a8df6",
                "Q562.bed:md5,6a4c58396aef75984f94f98cae435a27",
                "K562.bedGraph:md5,993fc0527a86c45b4bbc45bf03500ac0",
                "MCF7.bedGraph:md5,f36d438a797ba2a4175c9dd7b0a810a0",
                "Q562.bedGraph:md5,669a27b25574a1a3211d818271a9e31a",
                "chr22_1-17550000.fa.fai:md5,33fd5556fae489d95e6b0cfbe16de06b",
                "chr22_1-17550000.fa.sizes:md5,c1fa1d2bb6200cb6eef78902671328ba",
                "K562.bigWig:md5,58dfb8918b16e016e0e1636a5c370cd4",
                "MCF7.bigWig:md5,023251e35502f117afcc0ccd3d503ace",
                "Q562.bigWig:md5,634105f9b512fba312d81c71c53f93a2",
                "K562.bigBed:md5,c072575cd169d3078ff1a6bbb12e8476",
                "MCF7.bigBed:md5,ef0eb01574209ef07596c9b5e32de193",
                "Q562.bigBed:md5,4761bd4952ab980513c4adeeb9cf96f7",
                "cds_sequence_summary.tsv:md5,4d9d3a7a2c7966c46c9d1cce20d9013d",
                "cds_sequences.fa:md5,262d34d3c6e3bdadb0b3ce4bb377df89",
                "mrna_sequence_summary.tsv:md5,9cdba3a2aa14e3cbf70f6f880d368558",
                "mrna_sequences.fa:md5,61d2b95efdd8d153fdd8527a93e7f410",
                "novel_transcripts.coding_potential_report.txt:md5,c1859ccbb0bfe752ff1faa04c7e1c74e",
                "novel_transcripts.final_protein_coding.fa:md5,d41d8cd98f00b204e9800998ecf8427e",
                "novel_transcripts.final_protein_coding.gtf:md5,d41d8cd98f00b204e9800998ecf8427e",
                "novel_transcripts.prediction_summary.tsv:md5,9bbc1965f5e323bfb1da991dfdf93ee3",
                "novel_transcripts.prediction_summary_protein_coding.tsv:md5,ef925ec2b6c0d68fd461982ee29117d2",
                "versions.yml:md5,33bd1a7ae87745e272e49e4456813c1f",
                "CPAT_Model.Hexamer.tsv:md5,3a5802215babfa88fd64e7ac9e17c6f2",
                "novel_transcripts.cpat.tsv:md5,0c6e0807f53db2bc3fc18fe7d32e9668",
                "versions.yml:md5,29647967711a051331f556cca4398b18",
                "novel_transcripts.feelnc.tsv:md5,11581e8dcdbdbe39e088ff699b6e28fc",
                "novel_transcripts.feelnc_codpot.lncRNA.fa:md5,07f661e8878d7b19168df04d2aaa9b50",
                "novel_transcripts.feelnc_codpot.mRNA.fa:md5,d41d8cd98f00b204e9800998ecf8427e",
                "novel_transcripts.feelnc_codpot_RF.txt:md5,0f77460f862012724b6aa2ec1380f010",
                "novel_transcripts.lncRNA.fa:md5,07f661e8878d7b19168df04d2aaa9b50",
                "novel_transcripts.mRNA.fa:md5,d41d8cd98f00b204e9800998ecf8427e",
                "versions.yml:md5,f8b6fca6907a81a1bcf4a23c7254397f",
                "novel_transcripts.fasta:md5,e5ea9fc5bc592e7543c68e286f09f3fd",
                "novel_transcripts.plek.tsv:md5,80a0a9fd1e69d4066bfa6e34ad4da86d",
                "novel_transcripts.plek.txt:md5,e9f052599ebafc04aa347a99ef3618c8",
                "versions.yml:md5,7c75cfd379fa315006a78296d48a1378",
                "novel_transcripts.class_summary.tsv:md5,d9655908224d7ea19195a5a2c80c39b4",
                "novel_transcripts.novel.gtf:md5,2f92bdbecacddb31add7a6b894e56547",
                "novel_transcripts.novel.tmap:md5,3738b49637d1be814f63ba76eee6c3a4",
                "versions.yml:md5,0fa857007475ab516b6fae0a3ab6ae0c",
                "novel_transcripts.annotated.gtf:md5,33d3070d22fd762631bf05f1bf7d2b8e",
                "novel_transcripts.loci:md5,1314678749f79a25e992ba8ee4ee509d",
                "novel_transcripts.stats:md5,6e5009ae86a298fa20c7692935b532aa",
                "novel_transcripts.stringtie.merged.gtf.refmap:md5,718b8487b7ad1de3dfb71f41eb728e15",
                "novel_transcripts.stringtie.merged.gtf.tmap:md5,23a8ab85aed5da8bd10ed656102e738e",
                "novel_transcripts.tracking:md5,0d9c57ea08c73029a87bc615482da112",
                "versions.yml:md5,0ad1596cbf5b1af45da95ee6425295e1",
                "novel_transcripts.fasta:md5,e5ea9fc5bc592e7543c68e286f09f3fd",
                "versions.yml:md5,7e2c4680837ad62b5c91b9bf52145f0f",
                "novel_transcripts_classification.txt:md5,7c61084f5a154352556e1beb8d79c9df",
                "novel_transcripts_corrected.gtf:md5,12d3ceb6c6c0e37c34c748ae1231524a",
                "versions.yml:md5,f7dd5b2ca837c67cf90fa775077e9156",
                "K562.bam:md5,8894a9fd5442f656b1401824062ca738",
                "MCF7.bam:md5,39f167d3d1f7651a4a8754454768475b",
                "Q562.bam:md5,3be622328e5b785ce1d6a6b779e7d1ec",
                "K562.quant:md5,f722cddf35a30c4710ca0cb67014d9dd",
                "MCF7.quant:md5,c0787b69ed4bb153321d75599365660d",
                "Q562.quant:md5,688c139b387809ede6c218f6568a5c5c",
                "fastqc-status-check-heatmap.txt:md5,345276738cfd9eac3def88f355cfadba",
                "fastqc_adapter_content_plot.txt:md5,7cbaf3cfd5f0a5594ebfa88545f82ed0",
                "fastqc_overrepresented_sequences_plot.txt:md5,e3d240bd0bce991173d4c7e0c9a8a8d1",
                "fastqc_per_base_n_content_plot.txt:md5,410bc9af4166239d7f9dcfbf4608aa12",
                "fastqc_per_base_sequence_quality_plot.txt:md5,c1a7aa4fd074fcddb0d162db2274322c",
                "fastqc_per_sequence_quality_scores_plot.txt:md5,59ef6a6163a286484be66be86c08b8bb",
                "fastqc_sequence_counts_plot.txt:md5,e4d55fb8e44ffa40013fc3e68dc91d89",
                "fastqc_sequence_duplication_levels_plot.txt:md5,5508e42126c08dd4ee651faa2e92f91c",
                "fastqc_sequence_length_distribution_plot.txt:md5,8255047309dac1f80ff2775efe5227d9",
                "multiqc_citations.txt:md5,4c806e63a283ec1b7e78cdae3a923d4f",
                "multiqc_fastqc.txt:md5,54d75d0eab35aec94ffe3f54d46382f3",
                "drimseq_gene_results.csv:md5,f12a4b85b2e91e16c0bdf0d5befe1a43",
                "drimseq_object.rds:md5,03df2248fc229238587471ec69995d5e",
                "drimseq_transcript_results.csv:md5,e202e2da194ee019f9af1768950892e7",
                "isoform_switch_results.csv:md5,a227d42afbcc590b4e949075cde4a5b6",
                "isoform_switch_results.rds:md5,c08bc3be70025c07e418f2c4a2baca64",
                "reference.tx2gene.tsv:md5,1cad27eee9355a5c003a9c8da17044ac",
                "all_samples.gene_counts.tsv:md5,e2a88ddb4e4c819fc3be060f555f65f1",
                "all_samples.gene_counts_length_scaled.tsv:md5,5608381a483cc82f96ab45dd55fb9b93",
                "all_samples.gene_counts_scaled.tsv:md5,e2a88ddb4e4c819fc3be060f555f65f1",
                "all_samples.gene_lengths.tsv:md5,1f8cc4e38a3443abeddd431d71e78b6d",
                "all_samples.gene_tpm.tsv:md5,e2a88ddb4e4c819fc3be060f555f65f1",
                "all_samples.transcript_counts.tsv:md5,61a89c31b4afb888aa37779544ed960a",
                "all_samples.transcript_lengths.tsv:md5,17e58e48a180471b3547c9cd26376004",
                "all_samples.transcript_tpm.tsv:md5,61a89c31b4afb888aa37779544ed960a"
            ]
        ],
        "timestamp": "2026-07-13T07:45:52.712131",
        "meta": {
            "nf-test": "0.9.5",
            "nextflow": "26.04.4"
        }
    }
}