{
    "-profile test": {
        "content": [
            {
                "BEDTOOLS_BAMTOBED": {
                    "bedtools": "2.31.1"
                },
                "BEDTOOLS_GENOMECOV": {
                    "bedtools": "2.31.1"
                },
                "COMBINE_PREDICTIONS": {
                    "python": "3.11.9"
                },
                "CPAT": {
                    "cpat": "3.0.5"
                },
                "CPAT_BUILD_MODEL": {
                    "cpat": "3.0.5"
                },
                "CUSTOM_TX2GENE": {
                    "python": "3.10.4"
                },
                "DRIMSEQ": {
                    "r-base": "4.4.2",
                    "bioconductor-drimseq": "1.34.0"
                },
                "EXTRACT_CDS_SEQUENCES": {
                    "gffread": "0.12.7"
                },
                "EXTRACT_MRNA_SEQUENCES": {
                    "gffread": "0.12.7"
                },
                "FASTQC": {
                    "fastqc": "0.12.1"
                },
                "FEELNC_CODPOT_PARSE": {
                    "python": "3.11.9",
                    "feelnc": "0.2.1"
                },
                "FEELNC_CODPOT_RUN": {
                    "feelnc": "0.2.1"
                },
                "FILTER_GFFCOMPARE_CLASSES": {
                    "python": "3.11.9"
                },
                "GFFCOMPARE_NOVEL_TRANSCRIPTS": {
                    "gffcompare": "0.12.6"
                },
                "GFFREAD_NOVEL_TRANSCRIPTS": {
                    "gffread": "0.12.7"
                },
                "ISOFORM_SWITCH": {
                    "r-base": "4.4.2",
                    "bioconductor-isoformswitchanalyzer": "2.6.0"
                },
                "MINIMAP2_ALIGN": {
                    "minimap2": "2.29-r1283",
                    "samtools": 1.21
                },
                "MINIMAP2_INDEX": {
                    "minimap2": "2.29-r1283"
                },
                "MULTIQC": {
                    "multiqc": 1.34
                },
                "NANOPLOT": {
                    "nanoplot": "1.46.1"
                },
                "PLEK_PARSE": {
                    "python": "3.9.21"
                },
                "PLEK_RUN": {
                    "plek": "1.2"
                },
                "SALMON_INDEX": {
                    "salmon": "1.10.3"
                },
                "SALMON_QUANT": {
                    "salmon": "1.10.3"
                },
                "SAMTOOLS_FAIDX": {
                    "samtools": "1.23.1"
                },
                "STRINGTIE2": {
                    "stringtie2": "2.1.4"
                },
                "STRINGTIE_MERGE": {
                    "stringtie": "2.2.1"
                },
                "SUBREAD_FEATURECOUNTS_GENES": {
                    "subread": "2.0.6"
                },
                "SUBREAD_FEATURECOUNTS_TRANSCRIPTS": {
                    "subread": "2.0.6"
                },
                "TOULLIGQC": {
                    "toulligqc": "2.7.1"
                },
                "TXIMETA_TXIMPORT": {
                    "bioconductor-tximeta": "1.20.1"
                },
                "UCSC_BEDGRAPHTOBIGWIG": {
                    "ucsc": 482
                },
                "UCSC_BEDTOBIGBED": {
                    "ucsc": 482
                },
                "Workflow": {
                    "nfdata-omics/nanotranseq": "v1.0.0dev"
                }
            },
            [
                "alignment",
                "alignment/K562",
                "alignment/K562/MINIMAP2_ALIGN",
                "alignment/K562/MINIMAP2_ALIGN/K562.bam",
                "alignment/K562/MINIMAP2_ALIGN/K562.bam.bai",
                "alignment/MCF7",
                "alignment/MCF7/MINIMAP2_ALIGN",
                "alignment/MCF7/MINIMAP2_ALIGN/MCF7.bam",
                "alignment/MCF7/MINIMAP2_ALIGN/MCF7.bam.bai",
                "alignment/MINIMAP2_INDEX",
                "alignment/MINIMAP2_INDEX/chr22_1-17550000.mmi",
                "alignment/Q562",
                "alignment/Q562/MINIMAP2_ALIGN",
                "alignment/Q562/MINIMAP2_ALIGN/Q562.bam",
                "alignment/Q562/MINIMAP2_ALIGN/Q562.bam.bai",
                "alignment/bedtools_bamtobed",
                "alignment/bedtools_bamtobed/K562.bed",
                "alignment/bedtools_bamtobed/MCF7.bed",
                "alignment/bedtools_bamtobed/Q562.bed",
                "alignment/bedtools_genomecov",
                "alignment/bedtools_genomecov/K562.bedGraph",
                "alignment/bedtools_genomecov/MCF7.bedGraph",
                "alignment/bedtools_genomecov/Q562.bedGraph",
                "alignment/samtools_faidx",
                "alignment/samtools_faidx/chr22_1-17550000.fa.fai",
                "alignment/samtools_faidx/chr22_1-17550000.fa.sizes",
                "alignment/ucsc_bedgraphtobigwig",
                "alignment/ucsc_bedgraphtobigwig/K562.bigWig",
                "alignment/ucsc_bedgraphtobigwig/MCF7.bigWig",
                "alignment/ucsc_bedgraphtobigwig/Q562.bigWig",
                "alignment/ucsc_bedtobigbed",
                "alignment/ucsc_bedtobigbed/K562.bigBed",
                "alignment/ucsc_bedtobigbed/MCF7.bigBed",
                "alignment/ucsc_bedtobigbed/Q562.bigBed",
                "extract",
                "extract/cds_sequence_summary.tsv",
                "extract/cds_sequences.fa",
                "extract/mrna_sequence_summary.tsv",
                "extract/mrna_sequences.fa",
                "identify_novel_protein_coding",
                "identify_novel_protein_coding/combined_predictions",
                "identify_novel_protein_coding/combined_predictions/novel_transcripts.coding_potential_report.txt",
                "identify_novel_protein_coding/combined_predictions/novel_transcripts.final_protein_coding.fa",
                "identify_novel_protein_coding/combined_predictions/novel_transcripts.final_protein_coding.gtf",
                "identify_novel_protein_coding/combined_predictions/novel_transcripts.prediction_summary.tsv",
                "identify_novel_protein_coding/combined_predictions/novel_transcripts.prediction_summary_protein_coding.tsv",
                "identify_novel_protein_coding/combined_predictions/versions.yml",
                "identify_novel_protein_coding/cpat",
                "identify_novel_protein_coding/cpat/CPAT_Model.Hexamer.tsv",
                "identify_novel_protein_coding/cpat/CPAT_Model.logitModel.RData",
                "identify_novel_protein_coding/cpat/novel_transcripts.cpat.tsv",
                "identify_novel_protein_coding/cpat/versions.yml",
                "identify_novel_protein_coding/feelnc",
                "identify_novel_protein_coding/feelnc/novel_transcripts.feelnc.tsv",
                "identify_novel_protein_coding/feelnc/novel_transcripts.feelnc_codpot.lncRNA.fa",
                "identify_novel_protein_coding/feelnc/novel_transcripts.feelnc_codpot.mRNA.fa",
                "identify_novel_protein_coding/feelnc/novel_transcripts.feelnc_codpot_RF.txt",
                "identify_novel_protein_coding/feelnc/novel_transcripts.lncRNA.fa",
                "identify_novel_protein_coding/feelnc/novel_transcripts.mRNA.fa",
                "identify_novel_protein_coding/feelnc/versions.yml",
                "identify_novel_protein_coding/plek",
                "identify_novel_protein_coding/plek/novel_transcripts.fasta",
                "identify_novel_protein_coding/plek/novel_transcripts.plek.tsv",
                "identify_novel_protein_coding/plek/novel_transcripts.plek.txt",
                "identify_novel_protein_coding/plek/versions.yml",
                "novel_transcripts",
                "novel_transcripts/gffcompare",
                "novel_transcripts/gffcompare/filter_classes",
                "novel_transcripts/gffcompare/filter_classes/novel_transcripts.class_summary.tsv",
                "novel_transcripts/gffcompare/filter_classes/novel_transcripts.novel.gtf",
                "novel_transcripts/gffcompare/filter_classes/novel_transcripts.novel.tmap",
                "novel_transcripts/gffcompare/filter_classes/versions.yml",
                "novel_transcripts/gffcompare/novel_transcripts.annotated.gtf",
                "novel_transcripts/gffcompare/novel_transcripts.loci",
                "novel_transcripts/gffcompare/novel_transcripts.stats",
                "novel_transcripts/gffcompare/novel_transcripts.stringtie.merged.gtf.refmap",
                "novel_transcripts/gffcompare/novel_transcripts.stringtie.merged.gtf.tmap",
                "novel_transcripts/gffcompare/novel_transcripts.tracking",
                "novel_transcripts/gffcompare/versions.yml",
                "novel_transcripts/gffread",
                "novel_transcripts/gffread/novel_transcripts.fasta",
                "novel_transcripts/gffread/versions.yml",
                "pipeline_info",
                "pipeline_info/nanotranseq_software_mqc_versions.yml",
                "pseudoalignment",
                "pseudoalignment/merged_results",
                "pseudoalignment/merged_results/all_samples.gene_counts.tsv",
                "pseudoalignment/merged_results/all_samples.gene_counts_length_scaled.tsv",
                "pseudoalignment/merged_results/all_samples.gene_counts_scaled.tsv",
                "pseudoalignment/merged_results/all_samples.gene_lengths.tsv",
                "pseudoalignment/merged_results/all_samples.gene_tpm.tsv",
                "pseudoalignment/merged_results/all_samples.transcript_counts.tsv",
                "pseudoalignment/merged_results/all_samples.transcript_lengths.tsv",
                "pseudoalignment/merged_results/all_samples.transcript_tpm.tsv",
                "pseudoalignment/merged_results/reference gtf.tx2gene.tsv",
                "pseudoalignment/salmon",
                "pseudoalignment/salmon/K562",
                "pseudoalignment/salmon/K562/aux_info",
                "pseudoalignment/salmon/K562/aux_info/ambig_info.tsv",
                "pseudoalignment/salmon/K562/aux_info/expected_bias.gz",
                "pseudoalignment/salmon/K562/aux_info/fld.gz",
                "pseudoalignment/salmon/K562/aux_info/meta_info.json",
                "pseudoalignment/salmon/K562/aux_info/observed_bias.gz",
                "pseudoalignment/salmon/K562/aux_info/observed_bias_3p.gz",
                "pseudoalignment/salmon/K562/cmd_info.json",
                "pseudoalignment/salmon/K562/libParams",
                "pseudoalignment/salmon/K562/libParams/flenDist.txt",
                "pseudoalignment/salmon/K562/lib_format_counts.json",
                "pseudoalignment/salmon/K562/logs",
                "pseudoalignment/salmon/K562/logs/salmon_quant.log",
                "pseudoalignment/salmon/K562/quant.genes.sf",
                "pseudoalignment/salmon/K562/quant.sf",
                "pseudoalignment/salmon/K562_lib_format_counts.json",
                "pseudoalignment/salmon/K562_meta_info.json",
                "pseudoalignment/salmon/MCF7",
                "pseudoalignment/salmon/MCF7/aux_info",
                "pseudoalignment/salmon/MCF7/aux_info/ambig_info.tsv",
                "pseudoalignment/salmon/MCF7/aux_info/expected_bias.gz",
                "pseudoalignment/salmon/MCF7/aux_info/fld.gz",
                "pseudoalignment/salmon/MCF7/aux_info/meta_info.json",
                "pseudoalignment/salmon/MCF7/aux_info/observed_bias.gz",
                "pseudoalignment/salmon/MCF7/aux_info/observed_bias_3p.gz",
                "pseudoalignment/salmon/MCF7/cmd_info.json",
                "pseudoalignment/salmon/MCF7/libParams",
                "pseudoalignment/salmon/MCF7/libParams/flenDist.txt",
                "pseudoalignment/salmon/MCF7/lib_format_counts.json",
                "pseudoalignment/salmon/MCF7/logs",
                "pseudoalignment/salmon/MCF7/logs/salmon_quant.log",
                "pseudoalignment/salmon/MCF7/quant.genes.sf",
                "pseudoalignment/salmon/MCF7/quant.sf",
                "pseudoalignment/salmon/MCF7_lib_format_counts.json",
                "pseudoalignment/salmon/MCF7_meta_info.json",
                "pseudoalignment/salmon/Q562",
                "pseudoalignment/salmon/Q562/aux_info",
                "pseudoalignment/salmon/Q562/aux_info/ambig_info.tsv",
                "pseudoalignment/salmon/Q562/aux_info/expected_bias.gz",
                "pseudoalignment/salmon/Q562/aux_info/fld.gz",
                "pseudoalignment/salmon/Q562/aux_info/meta_info.json",
                "pseudoalignment/salmon/Q562/aux_info/observed_bias.gz",
                "pseudoalignment/salmon/Q562/aux_info/observed_bias_3p.gz",
                "pseudoalignment/salmon/Q562/cmd_info.json",
                "pseudoalignment/salmon/Q562/libParams",
                "pseudoalignment/salmon/Q562/libParams/flenDist.txt",
                "pseudoalignment/salmon/Q562/lib_format_counts.json",
                "pseudoalignment/salmon/Q562/logs",
                "pseudoalignment/salmon/Q562/logs/salmon_quant.log",
                "pseudoalignment/salmon/Q562/quant.genes.sf",
                "pseudoalignment/salmon/Q562/quant.sf",
                "pseudoalignment/salmon/Q562_lib_format_counts.json",
                "pseudoalignment/salmon/Q562_meta_info.json",
                "pseudoalignment/salmon/salmon",
                "pseudoalignment/salmon/salmon/complete_ref_lens.bin",
                "pseudoalignment/salmon/salmon/ctable.bin",
                "pseudoalignment/salmon/salmon/ctg_offsets.bin",
                "pseudoalignment/salmon/salmon/duplicate_clusters.tsv",
                "pseudoalignment/salmon/salmon/info.json",
                "pseudoalignment/salmon/salmon/mphf.bin",
                "pseudoalignment/salmon/salmon/pos.bin",
                "pseudoalignment/salmon/salmon/pre_indexing.log",
                "pseudoalignment/salmon/salmon/rank.bin",
                "pseudoalignment/salmon/salmon/refAccumLengths.bin",
                "pseudoalignment/salmon/salmon/ref_indexing.log",
                "pseudoalignment/salmon/salmon/reflengths.bin",
                "pseudoalignment/salmon/salmon/refseq.bin",
                "pseudoalignment/salmon/salmon/seq.bin",
                "pseudoalignment/salmon/salmon/versionInfo.json",
                "qc",
                "qc/raw_reads",
                "qc/raw_reads/K562",
                "qc/raw_reads/K562/FASTQC",
                "qc/raw_reads/K562/FASTQC/K562_fastqc.html",
                "qc/raw_reads/K562/FASTQC/K562_fastqc.zip",
                "qc/raw_reads/K562/NANOPLOT",
                "qc/raw_reads/K562/NANOPLOT/LengthvsQualityScatterPlot_dot.html",
                "qc/raw_reads/K562/NANOPLOT/LengthvsQualityScatterPlot_kde.html",
                "qc/raw_reads/K562/NANOPLOT/NanoPlot-report.html",
                "qc/raw_reads/K562/NANOPLOT/NanoStats.txt",
                "qc/raw_reads/K562/NANOPLOT/Non_weightedHistogramReadlength.html",
                "qc/raw_reads/K562/NANOPLOT/Non_weightedLogTransformed_HistogramReadlength.html",
                "qc/raw_reads/K562/NANOPLOT/WeightedHistogramReadlength.html",
                "qc/raw_reads/K562/NANOPLOT/WeightedLogTransformed_HistogramReadlength.html",
                "qc/raw_reads/K562/NANOPLOT/Yield_By_Length.html",
                "qc/raw_reads/K562/TOULLIGQC",
                "qc/raw_reads/MCF7",
                "qc/raw_reads/MCF7/FASTQC",
                "qc/raw_reads/MCF7/FASTQC/MCF7_fastqc.html",
                "qc/raw_reads/MCF7/FASTQC/MCF7_fastqc.zip",
                "qc/raw_reads/MCF7/NANOPLOT",
                "qc/raw_reads/MCF7/NANOPLOT/LengthvsQualityScatterPlot_dot.html",
                "qc/raw_reads/MCF7/NANOPLOT/LengthvsQualityScatterPlot_kde.html",
                "qc/raw_reads/MCF7/NANOPLOT/NanoPlot-report.html",
                "qc/raw_reads/MCF7/NANOPLOT/NanoStats.txt",
                "qc/raw_reads/MCF7/NANOPLOT/Non_weightedHistogramReadlength.html",
                "qc/raw_reads/MCF7/NANOPLOT/Non_weightedLogTransformed_HistogramReadlength.html",
                "qc/raw_reads/MCF7/NANOPLOT/WeightedHistogramReadlength.html",
                "qc/raw_reads/MCF7/NANOPLOT/WeightedLogTransformed_HistogramReadlength.html",
                "qc/raw_reads/MCF7/NANOPLOT/Yield_By_Length.html",
                "qc/raw_reads/MCF7/TOULLIGQC",
                "qc/raw_reads/MULTIQC",
                "qc/raw_reads/MULTIQC/multiqc_data",
                "qc/raw_reads/MULTIQC/multiqc_data/fastqc-status-check-heatmap.txt",
                "qc/raw_reads/MULTIQC/multiqc_data/fastqc_adapter_content_plot.txt",
                "qc/raw_reads/MULTIQC/multiqc_data/fastqc_overrepresented_sequences_plot.txt",
                "qc/raw_reads/MULTIQC/multiqc_data/fastqc_per_base_n_content_plot.txt",
                "qc/raw_reads/MULTIQC/multiqc_data/fastqc_per_base_sequence_quality_plot.txt",
                "qc/raw_reads/MULTIQC/multiqc_data/fastqc_per_sequence_gc_content_plot_Counts.txt",
                "qc/raw_reads/MULTIQC/multiqc_data/fastqc_per_sequence_gc_content_plot_Percentages.txt",
                "qc/raw_reads/MULTIQC/multiqc_data/fastqc_per_sequence_quality_scores_plot.txt",
                "qc/raw_reads/MULTIQC/multiqc_data/fastqc_sequence_counts_plot.txt",
                "qc/raw_reads/MULTIQC/multiqc_data/fastqc_sequence_duplication_levels_plot.txt",
                "qc/raw_reads/MULTIQC/multiqc_data/fastqc_sequence_length_distribution_plot.txt",
                "qc/raw_reads/MULTIQC/multiqc_data/fastqc_top_overrepresented_sequences_table.txt",
                "qc/raw_reads/MULTIQC/multiqc_data/llms-full.txt",
                "qc/raw_reads/MULTIQC/multiqc_data/multiqc.log",
                "qc/raw_reads/MULTIQC/multiqc_data/multiqc.parquet",
                "qc/raw_reads/MULTIQC/multiqc_data/multiqc_citations.txt",
                "qc/raw_reads/MULTIQC/multiqc_data/multiqc_data.json",
                "qc/raw_reads/MULTIQC/multiqc_data/multiqc_fastqc.txt",
                "qc/raw_reads/MULTIQC/multiqc_data/multiqc_general_stats.txt",
                "qc/raw_reads/MULTIQC/multiqc_data/multiqc_software_versions.txt",
                "qc/raw_reads/MULTIQC/multiqc_data/multiqc_sources.txt",
                "qc/raw_reads/MULTIQC/multiqc_report.html",
                "qc/raw_reads/Q562",
                "qc/raw_reads/Q562/FASTQC",
                "qc/raw_reads/Q562/FASTQC/Q562_fastqc.html",
                "qc/raw_reads/Q562/FASTQC/Q562_fastqc.zip",
                "qc/raw_reads/Q562/NANOPLOT",
                "qc/raw_reads/Q562/NANOPLOT/LengthvsQualityScatterPlot_dot.html",
                "qc/raw_reads/Q562/NANOPLOT/LengthvsQualityScatterPlot_kde.html",
                "qc/raw_reads/Q562/NANOPLOT/NanoPlot-report.html",
                "qc/raw_reads/Q562/NANOPLOT/NanoStats.txt",
                "qc/raw_reads/Q562/NANOPLOT/Non_weightedHistogramReadlength.html",
                "qc/raw_reads/Q562/NANOPLOT/Non_weightedLogTransformed_HistogramReadlength.html",
                "qc/raw_reads/Q562/NANOPLOT/WeightedHistogramReadlength.html",
                "qc/raw_reads/Q562/NANOPLOT/WeightedLogTransformed_HistogramReadlength.html",
                "qc/raw_reads/Q562/NANOPLOT/Yield_By_Length.html",
                "qc/raw_reads/Q562/TOULLIGQC",
                "quantification",
                "quantification/featureCounts",
                "quantification/featureCounts/gene.featureCounts.tsv",
                "quantification/featureCounts/gene.featureCounts.tsv.summary",
                "quantification/featureCounts/transcript.featureCounts.tsv",
                "quantification/featureCounts/transcript.featureCounts.tsv.summary",
                "quantification/samples",
                "quantification/samples/K562",
                "quantification/samples/K562/STRINGTIE2",
                "quantification/samples/K562/STRINGTIE2/K562.stringtie.gtf",
                "quantification/samples/MCF7",
                "quantification/samples/MCF7/STRINGTIE2",
                "quantification/samples/MCF7/STRINGTIE2/MCF7.stringtie.gtf",
                "quantification/samples/Q562",
                "quantification/samples/Q562/STRINGTIE2",
                "quantification/samples/Q562/STRINGTIE2/Q562.stringtie.gtf",
                "quantification/stringtie_merge",
                "quantification/stringtie_merge/stringtie.merged.gtf",
                "transcript_usage",
                "transcript_usage/drimseq",
                "transcript_usage/drimseq/drimseq_gene_results.csv",
                "transcript_usage/drimseq/drimseq_object.rds",
                "transcript_usage/drimseq/drimseq_plots.pdf",
                "transcript_usage/drimseq/drimseq_transcript_results.csv",
                "transcript_usage/isoform_switch",
                "transcript_usage/isoform_switch/isoform_switch_plots.pdf",
                "transcript_usage/isoform_switch/isoform_switch_results.csv",
                "transcript_usage/isoform_switch/isoform_switch_results.rds"
            ],
            [
                "chr22_1-17550000.mmi:md5,8d3ef72648b862a316f51ce13994543e",
                "K562.bed:md5,9aada619d469619b200c08ba01fe4336",
                "MCF7.bed:md5,7b6e5de870a8f1f6094cc33ca08a8df6",
                "Q562.bed:md5,6a4c58396aef75984f94f98cae435a27",
                "K562.bedGraph:md5,993fc0527a86c45b4bbc45bf03500ac0",
                "MCF7.bedGraph:md5,f36d438a797ba2a4175c9dd7b0a810a0",
                "Q562.bedGraph:md5,669a27b25574a1a3211d818271a9e31a",
                "chr22_1-17550000.fa.fai:md5,33fd5556fae489d95e6b0cfbe16de06b",
                "chr22_1-17550000.fa.sizes:md5,c1fa1d2bb6200cb6eef78902671328ba",
                "K562.bigWig:md5,58dfb8918b16e016e0e1636a5c370cd4",
                "MCF7.bigWig:md5,023251e35502f117afcc0ccd3d503ace",
                "Q562.bigWig:md5,634105f9b512fba312d81c71c53f93a2",
                "K562.bigBed:md5,c072575cd169d3078ff1a6bbb12e8476",
                "MCF7.bigBed:md5,ef0eb01574209ef07596c9b5e32de193",
                "Q562.bigBed:md5,4761bd4952ab980513c4adeeb9cf96f7",
                "cds_sequence_summary.tsv:md5,4d9d3a7a2c7966c46c9d1cce20d9013d",
                "cds_sequences.fa:md5,262d34d3c6e3bdadb0b3ce4bb377df89",
                "mrna_sequence_summary.tsv:md5,9cdba3a2aa14e3cbf70f6f880d368558",
                "mrna_sequences.fa:md5,61d2b95efdd8d153fdd8527a93e7f410",
                "novel_transcripts.coding_potential_report.txt:md5,94e9de4c2026d030eef64431f448cec7",
                "novel_transcripts.final_protein_coding.fa:md5,d41d8cd98f00b204e9800998ecf8427e",
                "novel_transcripts.final_protein_coding.gtf:md5,d41d8cd98f00b204e9800998ecf8427e",
                "novel_transcripts.prediction_summary.tsv:md5,a3956f5c6293afc8ac4e801459dc4cbf",
                "novel_transcripts.prediction_summary_protein_coding.tsv:md5,ef925ec2b6c0d68fd461982ee29117d2",
                "versions.yml:md5,33bd1a7ae87745e272e49e4456813c1f",
                "CPAT_Model.Hexamer.tsv:md5,3a5802215babfa88fd64e7ac9e17c6f2",
                "novel_transcripts.cpat.tsv:md5,6d633cc46f5a657aae02dccaca976e6f",
                "versions.yml:md5,29647967711a051331f556cca4398b18",
                "novel_transcripts.feelnc.tsv:md5,f5095a49e6ef05d5916936657c50e550",
                "novel_transcripts.feelnc_codpot.lncRNA.fa:md5,855a5050403e2699e541c32bdf65baaf",
                "novel_transcripts.feelnc_codpot.mRNA.fa:md5,d41d8cd98f00b204e9800998ecf8427e",
                "novel_transcripts.feelnc_codpot_RF.txt:md5,8215951229593a013098836fce5afcd3",
                "novel_transcripts.lncRNA.fa:md5,855a5050403e2699e541c32bdf65baaf",
                "novel_transcripts.mRNA.fa:md5,d41d8cd98f00b204e9800998ecf8427e",
                "versions.yml:md5,f8b6fca6907a81a1bcf4a23c7254397f",
                "novel_transcripts.fasta:md5,1be06560de34c8d3fe411362bb71be64",
                "novel_transcripts.plek.tsv:md5,53df94018a96f9c48833c403e6e442e6",
                "novel_transcripts.plek.txt:md5,c729b181d1175b32373fd58930319368",
                "versions.yml:md5,7c75cfd379fa315006a78296d48a1378",
                "novel_transcripts.class_summary.tsv:md5,d9655908224d7ea19195a5a2c80c39b4",
                "novel_transcripts.novel.gtf:md5,2f92bdbecacddb31add7a6b894e56547",
                "novel_transcripts.novel.tmap:md5,3738b49637d1be814f63ba76eee6c3a4",
                "versions.yml:md5,0fa857007475ab516b6fae0a3ab6ae0c",
                "novel_transcripts.annotated.gtf:md5,33d3070d22fd762631bf05f1bf7d2b8e",
                "novel_transcripts.loci:md5,1314678749f79a25e992ba8ee4ee509d",
                "novel_transcripts.stats:md5,6e5009ae86a298fa20c7692935b532aa",
                "novel_transcripts.stringtie.merged.gtf.refmap:md5,718b8487b7ad1de3dfb71f41eb728e15",
                "novel_transcripts.stringtie.merged.gtf.tmap:md5,23a8ab85aed5da8bd10ed656102e738e",
                "novel_transcripts.tracking:md5,0d9c57ea08c73029a87bc615482da112",
                "versions.yml:md5,0ad1596cbf5b1af45da95ee6425295e1",
                "novel_transcripts.fasta:md5,1be06560de34c8d3fe411362bb71be64",
                "versions.yml:md5,7e2c4680837ad62b5c91b9bf52145f0f",
                "ambig_info.tsv:md5,a608a0af74fbd1986bc7f3a5e43a7643",
                "cmd_info.json:md5,3492dc0f3ac782e26f6272b0ddec7cbe",
                "flenDist.txt:md5,2de170bdc9f6fd237d286429b292bb28",
                "lib_format_counts.json:md5,6eeba5785a9065697d7929b29397c773",
                "quant.genes.sf:md5,51a0591014efdbc681c411756812099b",
                "quant.sf:md5,d2bb8df7aa017938c41a8e229d8d17a9",
                "ambig_info.tsv:md5,d5e1360c1be268ce8810a6c8a93145f9",
                "cmd_info.json:md5,aa3d95958f7f17099a488d1a423e6958",
                "flenDist.txt:md5,2de170bdc9f6fd237d286429b292bb28",
                "lib_format_counts.json:md5,c162fd4b8dd700fdfff985d59c6540b7",
                "quant.genes.sf:md5,3739348dcecd19eaaa8a56b2d2c7bda9",
                "quant.sf:md5,ce2a8deca58eba6982e5dcb2a1729b2f",
                "ambig_info.tsv:md5,8da6a03d5c902d12d2cd9ba9bb8d0b70",
                "cmd_info.json:md5,e59e489b6738e89395d1a5c9bd466411",
                "flenDist.txt:md5,2de170bdc9f6fd237d286429b292bb28",
                "lib_format_counts.json:md5,7079e6cd2a757697475ca2351725bd31",
                "quant.genes.sf:md5,985f0542911ac404de47f41637c1f637",
                "quant.sf:md5,83a6e15731f172bef1e9c7949ea127b5",
                "duplicate_clusters.tsv:md5,46a63eef7c71b490a6c7c5bf5877b955",
                "fastqc-status-check-heatmap.txt:md5,345276738cfd9eac3def88f355cfadba",
                "fastqc_adapter_content_plot.txt:md5,7cbaf3cfd5f0a5594ebfa88545f82ed0",
                "fastqc_overrepresented_sequences_plot.txt:md5,e3d240bd0bce991173d4c7e0c9a8a8d1",
                "fastqc_per_base_n_content_plot.txt:md5,410bc9af4166239d7f9dcfbf4608aa12",
                "fastqc_per_base_sequence_quality_plot.txt:md5,c1a7aa4fd074fcddb0d162db2274322c",
                "fastqc_per_sequence_quality_scores_plot.txt:md5,59ef6a6163a286484be66be86c08b8bb",
                "fastqc_sequence_counts_plot.txt:md5,e4d55fb8e44ffa40013fc3e68dc91d89",
                "fastqc_sequence_duplication_levels_plot.txt:md5,5508e42126c08dd4ee651faa2e92f91c",
                "fastqc_sequence_length_distribution_plot.txt:md5,8255047309dac1f80ff2775efe5227d9",
                "multiqc_citations.txt:md5,4c806e63a283ec1b7e78cdae3a923d4f",
                "multiqc_fastqc.txt:md5,54d75d0eab35aec94ffe3f54d46382f3",
                "drimseq_gene_results.csv:md5,a227d42afbcc590b4e949075cde4a5b6",
                "drimseq_object.rds:md5,9729e140c2e2c767229701e3a35bfb5e",
                "drimseq_transcript_results.csv:md5,a227d42afbcc590b4e949075cde4a5b6",
                "isoform_switch_results.csv:md5,a227d42afbcc590b4e949075cde4a5b6",
                "isoform_switch_results.rds:md5,301332f37b5626ed96769c3c81dd5687"
            ]
        ],
        "timestamp": "2026-07-08T10:03:11.8513",
        "meta": {
            "nf-test": "0.9.5",
            "nextflow": "26.04.4"
        }
    }
}